// Jest Snapshot v1, https://goo.gl/fbAQLP

exports[`Dot Atom Comonent Snapshot 1`] = `
<View
  style={
    Array [
      Object {
        "borderRadius": 1000,
      },
      Object {
        "backgroundColor": "#FFFFFF",
        "height": 6,
        "width": 6,
      },
    ]
  }
/>
`;
