// Jest Snapshot v1, https://goo.gl/fbAQLP

exports[`Label Atom Component Snapshot 1`] = `
<Text
  style={
    Object {
      "color": "#FFFFFF",
      "fontFamily": "Poppins",
      "fontSize": 16,
      "fontWeight": "600",
      "lineHeight": 24,
    }
  }
>
  Next
</Text>
`;
