// Jest Snapshot v1, https://goo.gl/fbAQLP

exports[`Caption Atom Coponent Snapshot 1`] = `
<Text
  style={
    Array [
      Object {
        "fontFamily": "Poppins",
        "fontSize": 12,
        "fontWeight": "400",
        "lineHeight": 18,
      },
      Object {
        "color": "#ABAFC4",
      },
      undefined,
    ]
  }
>
  $9.58799
</Text>
`;
